---
source: src/main.rs
expression: get_string()

---
Hello World
